[2022-02-13T13:04:11.180+0700][gc,heap] Heap region size: 1M
[2022-02-13T13:04:11.185+0700][gc     ] Using G1
[2022-02-13T13:04:11.185+0700][gc,heap,coops] Heap address: 0x00000000c0000000, size: 1024 MB, Compressed Oops mode: 32-bit
[2022-02-13T13:04:12.882+0700][gc,start     ] GC(0) Pause Young (Normal) (G1 Evacuation Pause)
[2022-02-13T13:04:12.882+0700][gc,task      ] GC(0) Using 1 workers of 1 for evacuation
[2022-02-13T13:04:12.897+0700][gc,phases    ] GC(0)   Pre Evacuate Collection Set: 0.0ms
[2022-02-13T13:04:12.897+0700][gc,phases    ] GC(0)   Evacuate Collection Set: 13.9ms
[2022-02-13T13:04:12.897+0700][gc,phases    ] GC(0)   Post Evacuate Collection Set: 0.4ms
[2022-02-13T13:04:12.897+0700][gc,phases    ] GC(0)   Other: 0.2ms
[2022-02-13T13:04:12.897+0700][gc,heap      ] GC(0) Eden regions: 51->0(44)
[2022-02-13T13:04:12.897+0700][gc,heap      ] GC(0) Survivor regions: 0->7(7)
[2022-02-13T13:04:12.897+0700][gc,heap      ] GC(0) Old regions: 0->0
[2022-02-13T13:04:12.897+0700][gc,heap      ] GC(0) Humongous regions: 0->0
[2022-02-13T13:04:12.897+0700][gc,metaspace ] GC(0) Metaspace: 15419K->15419K(1062912K)
[2022-02-13T13:04:12.897+0700][gc           ] GC(0) Pause Young (Normal) (G1 Evacuation Pause) 51M->6M(1024M) 14.683ms
[2022-02-13T13:04:12.897+0700][gc,cpu       ] GC(0) User=0.01s Sys=0.00s Real=0.02s
[2022-02-13T13:04:13.392+0700][gc,start     ] GC(1) Pause Young (Concurrent Start) (Metadata GC Threshold)
[2022-02-13T13:04:13.392+0700][gc,task      ] GC(1) Using 1 workers of 1 for evacuation
[2022-02-13T13:04:13.424+0700][gc,mmu       ] GC(1) MMU target violated: 21.0ms (20.0ms/21.0ms)
[2022-02-13T13:04:13.425+0700][gc,phases    ] GC(1)   Pre Evacuate Collection Set: 0.1ms
[2022-02-13T13:04:13.425+0700][gc,phases    ] GC(1)   Evacuate Collection Set: 32.2ms
[2022-02-13T13:04:13.425+0700][gc,phases    ] GC(1)   Post Evacuate Collection Set: 0.4ms
[2022-02-13T13:04:13.425+0700][gc,phases    ] GC(1)   Other: 0.4ms
[2022-02-13T13:04:13.425+0700][gc,heap      ] GC(1) Eden regions: 21->0(50)
[2022-02-13T13:04:13.425+0700][gc,heap      ] GC(1) Survivor regions: 7->1(7)
[2022-02-13T13:04:13.425+0700][gc,heap      ] GC(1) Old regions: 0->7
[2022-02-13T13:04:13.425+0700][gc,heap      ] GC(1) Humongous regions: 0->0
[2022-02-13T13:04:13.425+0700][gc,metaspace ] GC(1) Metaspace: 20493K->20493K(1067008K)
[2022-02-13T13:04:13.425+0700][gc           ] GC(1) Pause Young (Concurrent Start) (Metadata GC Threshold) 27M->7M(1024M) 33.125ms
[2022-02-13T13:04:13.425+0700][gc,cpu       ] GC(1) User=0.01s Sys=0.01s Real=0.03s
[2022-02-13T13:04:13.425+0700][gc           ] GC(2) Concurrent Cycle
[2022-02-13T13:04:13.425+0700][gc,marking   ] GC(2) Concurrent Clear Claimed Marks
[2022-02-13T13:04:13.425+0700][gc,marking   ] GC(2) Concurrent Clear Claimed Marks 0.071ms
[2022-02-13T13:04:13.425+0700][gc,marking   ] GC(2) Concurrent Scan Root Regions
[2022-02-13T13:04:13.428+0700][gc,marking   ] GC(2) Concurrent Scan Root Regions 3.003ms
[2022-02-13T13:04:13.428+0700][gc,marking   ] GC(2) Concurrent Mark (2.251s)
[2022-02-13T13:04:13.428+0700][gc,marking   ] GC(2) Concurrent Mark From Roots
[2022-02-13T13:04:13.428+0700][gc,task      ] GC(2) Using 1 workers of 1 for marking
[2022-02-13T13:04:13.454+0700][gc,marking   ] GC(2) Concurrent Mark From Roots 25.987ms
[2022-02-13T13:04:13.454+0700][gc,marking   ] GC(2) Concurrent Preclean
[2022-02-13T13:04:13.454+0700][gc,marking   ] GC(2) Concurrent Preclean 0.072ms
[2022-02-13T13:04:13.454+0700][gc,marking   ] GC(2) Concurrent Mark (2.251s, 2.277s) 26.180ms
[2022-02-13T13:04:13.454+0700][gc,start     ] GC(2) Pause Remark
[2022-02-13T13:04:13.458+0700][gc,stringtable] GC(2) Cleaned string and symbol table, strings: 8942 processed, 0 removed, symbols: 50787 processed, 58 removed
[2022-02-13T13:04:13.458+0700][gc            ] GC(2) Pause Remark 8M->8M(1024M) 3.306ms
[2022-02-13T13:04:13.458+0700][gc,cpu        ] GC(2) User=0.00s Sys=0.00s Real=0.01s
[2022-02-13T13:04:13.458+0700][gc,marking    ] GC(2) Concurrent Rebuild Remembered Sets
[2022-02-13T13:04:13.462+0700][gc,marking    ] GC(2) Concurrent Rebuild Remembered Sets 4.320ms
[2022-02-13T13:04:13.462+0700][gc,start      ] GC(2) Pause Cleanup
[2022-02-13T13:04:13.462+0700][gc            ] GC(2) Pause Cleanup 8M->8M(1024M) 0.128ms
[2022-02-13T13:04:13.462+0700][gc,cpu        ] GC(2) User=0.00s Sys=0.00s Real=0.00s
[2022-02-13T13:04:13.462+0700][gc,marking    ] GC(2) Concurrent Cleanup for Next Mark
[2022-02-13T13:04:13.492+0700][gc,marking    ] GC(2) Concurrent Cleanup for Next Mark 29.557ms
[2022-02-13T13:04:13.492+0700][gc            ] GC(2) Concurrent Cycle 67.242ms
[2022-02-13T13:04:15.019+0700][gc,start      ] GC(3) Pause Young (Normal) (G1 Evacuation Pause)
[2022-02-13T13:04:15.019+0700][gc,task       ] GC(3) Using 1 workers of 1 for evacuation
[2022-02-13T13:04:15.045+0700][gc,mmu        ] GC(3) MMU target violated: 21.0ms (20.0ms/21.0ms)
[2022-02-13T13:04:15.045+0700][gc,phases     ] GC(3)   Pre Evacuate Collection Set: 0.0ms
[2022-02-13T13:04:15.045+0700][gc,phases     ] GC(3)   Evacuate Collection Set: 25.6ms
[2022-02-13T13:04:15.045+0700][gc,phases     ] GC(3)   Post Evacuate Collection Set: 0.3ms
[2022-02-13T13:04:15.045+0700][gc,phases     ] GC(3)   Other: 0.2ms
[2022-02-13T13:04:15.045+0700][gc,heap       ] GC(3) Eden regions: 50->0(46)
[2022-02-13T13:04:15.045+0700][gc,heap       ] GC(3) Survivor regions: 1->5(7)
[2022-02-13T13:04:15.045+0700][gc,heap       ] GC(3) Old regions: 7->7
[2022-02-13T13:04:15.045+0700][gc,heap       ] GC(3) Humongous regions: 129->129
[2022-02-13T13:04:15.045+0700][gc,metaspace  ] GC(3) Metaspace: 29095K->29095K(1075200K)
[2022-02-13T13:04:15.045+0700][gc            ] GC(3) Pause Young (Normal) (G1 Evacuation Pause) 186M->140M(1024M) 26.150ms
[2022-02-13T13:04:15.045+0700][gc,cpu        ] GC(3) User=0.01s Sys=0.00s Real=0.02s
[2022-02-13T13:04:15.905+0700][gc,start      ] GC(4) Pause Young (Concurrent Start) (GCLocker Initiated GC)
[2022-02-13T13:04:15.905+0700][gc,task       ] GC(4) Using 1 workers of 1 for evacuation
[2022-02-13T13:04:15.917+0700][gc,phases     ] GC(4)   Pre Evacuate Collection Set: 0.1ms
[2022-02-13T13:04:15.917+0700][gc,phases     ] GC(4)   Evacuate Collection Set: 10.9ms
[2022-02-13T13:04:15.917+0700][gc,phases     ] GC(4)   Post Evacuate Collection Set: 0.3ms
[2022-02-13T13:04:15.917+0700][gc,phases     ] GC(4)   Other: 0.2ms
[2022-02-13T13:04:15.917+0700][gc,heap       ] GC(4) Eden regions: 27->0(45)
[2022-02-13T13:04:15.917+0700][gc,heap       ] GC(4) Survivor regions: 5->6(7)
[2022-02-13T13:04:15.917+0700][gc,heap       ] GC(4) Old regions: 7->8
[2022-02-13T13:04:15.917+0700][gc,heap       ] GC(4) Humongous regions: 129->129
[2022-02-13T13:04:15.917+0700][gc,metaspace  ] GC(4) Metaspace: 34553K->34553K(1081344K)
[2022-02-13T13:04:15.917+0700][gc            ] GC(4) Pause Young (Concurrent Start) (GCLocker Initiated GC) 166M->141M(1024M) 11.674ms
[2022-02-13T13:04:15.917+0700][gc,cpu        ] GC(4) User=0.01s Sys=0.00s Real=0.02s
[2022-02-13T13:04:15.917+0700][gc            ] GC(5) Concurrent Cycle
[2022-02-13T13:04:15.921+0700][gc,marking    ] GC(5) Concurrent Clear Claimed Marks
[2022-02-13T13:04:15.921+0700][gc,marking    ] GC(5) Concurrent Clear Claimed Marks 0.146ms
[2022-02-13T13:04:15.921+0700][gc,marking    ] GC(5) Concurrent Scan Root Regions
[2022-02-13T13:04:15.930+0700][gc,marking    ] GC(5) Concurrent Scan Root Regions 9.389ms
[2022-02-13T13:04:15.930+0700][gc,marking    ] GC(5) Concurrent Mark (4.753s)
[2022-02-13T13:04:15.930+0700][gc,marking    ] GC(5) Concurrent Mark From Roots
[2022-02-13T13:04:15.930+0700][gc,task       ] GC(5) Using 1 workers of 1 for marking
[2022-02-13T13:04:15.968+0700][gc,marking    ] GC(5) Concurrent Mark From Roots 37.969ms
[2022-02-13T13:04:15.968+0700][gc,marking    ] GC(5) Concurrent Preclean
[2022-02-13T13:04:15.968+0700][gc,marking    ] GC(5) Concurrent Preclean 0.059ms
[2022-02-13T13:04:15.968+0700][gc,marking    ] GC(5) Concurrent Mark (4.753s, 4.791s) 38.107ms
[2022-02-13T13:04:15.969+0700][gc,start      ] GC(5) Pause Remark
[2022-02-13T13:04:15.975+0700][gc,stringtable] GC(5) Cleaned string and symbol table, strings: 14444 processed, 12 removed, symbols: 84098 processed, 16 removed
[2022-02-13T13:04:15.975+0700][gc            ] GC(5) Pause Remark 145M->145M(1024M) 6.721ms
[2022-02-13T13:04:15.975+0700][gc,cpu        ] GC(5) User=0.01s Sys=0.00s Real=0.01s
[2022-02-13T13:04:15.975+0700][gc,marking    ] GC(5) Concurrent Rebuild Remembered Sets
[2022-02-13T13:04:16.018+0700][gc,marking    ] GC(5) Concurrent Rebuild Remembered Sets 42.529ms
[2022-02-13T13:04:16.020+0700][gc,start      ] GC(5) Pause Cleanup
[2022-02-13T13:04:16.021+0700][gc            ] GC(5) Pause Cleanup 146M->146M(1024M) 0.416ms
[2022-02-13T13:04:16.021+0700][gc,cpu        ] GC(5) User=0.00s Sys=0.00s Real=0.00s
[2022-02-13T13:04:16.021+0700][gc,marking    ] GC(5) Concurrent Cleanup for Next Mark
[2022-02-13T13:04:16.054+0700][gc,marking    ] GC(5) Concurrent Cleanup for Next Mark 33.493ms
[2022-02-13T13:04:16.054+0700][gc            ] GC(5) Concurrent Cycle 137.531ms
[2022-02-13T13:30:54.605+0700][gc,start      ] GC(6) Pause Young (Concurrent Start) (G1 Evacuation Pause)
[2022-02-13T13:30:54.606+0700][gc,task       ] GC(6) Using 1 workers of 1 for evacuation
[2022-02-13T13:30:54.625+0700][gc,phases     ] GC(6)   Pre Evacuate Collection Set: 0.3ms
[2022-02-13T13:30:54.626+0700][gc,phases     ] GC(6)   Evacuate Collection Set: 17.4ms
[2022-02-13T13:30:54.626+0700][gc,phases     ] GC(6)   Post Evacuate Collection Set: 0.5ms
[2022-02-13T13:30:54.626+0700][gc,phases     ] GC(6)   Other: 1.7ms
[2022-02-13T13:30:54.626+0700][gc,heap       ] GC(6) Eden regions: 45->0(47)
[2022-02-13T13:30:54.626+0700][gc,heap       ] GC(6) Survivor regions: 6->4(7)
[2022-02-13T13:30:54.626+0700][gc,heap       ] GC(6) Old regions: 8->11
[2022-02-13T13:30:54.626+0700][gc,heap       ] GC(6) Humongous regions: 129->129
[2022-02-13T13:30:54.626+0700][gc,metaspace  ] GC(6) Metaspace: 40924K->40924K(1085440K)
[2022-02-13T13:30:54.626+0700][gc            ] GC(6) Pause Young (Concurrent Start) (G1 Evacuation Pause) 186M->143M(1024M) 20.681ms
[2022-02-13T13:30:54.626+0700][gc,cpu        ] GC(6) User=0.01s Sys=0.01s Real=0.02s
[2022-02-13T13:30:54.626+0700][gc            ] GC(7) Concurrent Cycle
[2022-02-13T13:30:54.628+0700][gc,marking    ] GC(7) Concurrent Clear Claimed Marks
[2022-02-13T13:30:54.630+0700][gc,marking    ] GC(7) Concurrent Clear Claimed Marks 1.239ms
[2022-02-13T13:30:54.630+0700][gc,marking    ] GC(7) Concurrent Scan Root Regions
[2022-02-13T13:30:54.633+0700][gc,marking    ] GC(7) Concurrent Scan Root Regions 3.580ms
[2022-02-13T13:30:54.633+0700][gc,marking    ] GC(7) Concurrent Mark (1603.456s)
[2022-02-13T13:30:54.633+0700][gc,marking    ] GC(7) Concurrent Mark From Roots
[2022-02-13T13:30:54.634+0700][gc,task       ] GC(7) Using 1 workers of 1 for marking
[2022-02-13T13:30:54.645+0700][gc,marking    ] GC(7) Concurrent Mark From Roots 11.321ms
[2022-02-13T13:30:54.645+0700][gc,marking    ] GC(7) Concurrent Preclean
[2022-02-13T13:30:54.645+0700][gc,marking    ] GC(7) Concurrent Preclean 0.731ms
[2022-02-13T13:30:54.645+0700][gc,marking    ] GC(7) Concurrent Mark (1603.456s, 1603.468s) 12.218ms
[2022-02-13T13:30:54.646+0700][gc,start      ] GC(7) Pause Remark
[2022-02-13T13:30:54.672+0700][gc,stringtable] GC(7) Cleaned string and symbol table, strings: 15377 processed, 334 removed, symbols: 90636 processed, 5 removed
[2022-02-13T13:30:54.673+0700][gc,mmu        ] GC(7) MMU target violated: 21.0ms (20.0ms/21.0ms)
[2022-02-13T13:30:54.673+0700][gc            ] GC(7) Pause Remark 144M->144M(1024M) 27.775ms
[2022-02-13T13:30:54.673+0700][gc,cpu        ] GC(7) User=0.01s Sys=0.00s Real=0.03s
[2022-02-13T13:30:54.674+0700][gc,marking    ] GC(7) Concurrent Rebuild Remembered Sets
[2022-02-13T13:30:54.679+0700][gc,marking    ] GC(7) Concurrent Rebuild Remembered Sets 5.103ms
[2022-02-13T13:30:54.679+0700][gc,start      ] GC(7) Pause Cleanup
[2022-02-13T13:30:54.679+0700][gc            ] GC(7) Pause Cleanup 144M->144M(1024M) 0.103ms
[2022-02-13T13:30:54.679+0700][gc,cpu        ] GC(7) User=0.00s Sys=0.00s Real=0.00s
[2022-02-13T13:30:54.679+0700][gc,marking    ] GC(7) Concurrent Cleanup for Next Mark
[2022-02-13T13:30:54.682+0700][gc,marking    ] GC(7) Concurrent Cleanup for Next Mark 2.195ms
[2022-02-13T13:30:54.682+0700][gc            ] GC(7) Concurrent Cycle 55.216ms
[2022-02-13T13:43:52.357+0700][gc,start      ] GC(8) Pause Young (Normal) (G1 Evacuation Pause)
[2022-02-13T13:43:52.358+0700][gc,task       ] GC(8) Using 1 workers of 1 for evacuation
[2022-02-13T13:43:52.374+0700][gc,phases     ] GC(8)   Pre Evacuate Collection Set: 0.1ms
[2022-02-13T13:43:52.374+0700][gc,phases     ] GC(8)   Evacuate Collection Set: 14.9ms
[2022-02-13T13:43:52.374+0700][gc,phases     ] GC(8)   Post Evacuate Collection Set: 0.5ms
[2022-02-13T13:43:52.374+0700][gc,phases     ] GC(8)   Other: 1.3ms
[2022-02-13T13:43:52.374+0700][gc,heap       ] GC(8) Eden regions: 47->0(45)
[2022-02-13T13:43:52.374+0700][gc,heap       ] GC(8) Survivor regions: 4->6(7)
[2022-02-13T13:43:52.374+0700][gc,heap       ] GC(8) Old regions: 11->11
[2022-02-13T13:43:52.374+0700][gc,heap       ] GC(8) Humongous regions: 129->129
[2022-02-13T13:43:52.374+0700][gc,metaspace  ] GC(8) Metaspace: 44145K->44145K(1089536K)
[2022-02-13T13:43:52.374+0700][gc            ] GC(8) Pause Young (Normal) (G1 Evacuation Pause) 190M->145M(1024M) 16.752ms
[2022-02-13T13:43:52.374+0700][gc,cpu        ] GC(8) User=0.02s Sys=0.00s Real=0.01s
[2022-02-13T13:52:21.953+0700][gc,start      ] GC(9) Pause Young (Normal) (G1 Evacuation Pause)
[2022-02-13T13:52:21.955+0700][gc,task       ] GC(9) Using 1 workers of 1 for evacuation
[2022-02-13T13:52:21.991+0700][gc,mmu        ] GC(9) MMU target violated: 21.0ms (20.0ms/21.0ms)
[2022-02-13T13:52:22.010+0700][gc,phases     ] GC(9)   Pre Evacuate Collection Set: 0.4ms
[2022-02-13T13:52:22.014+0700][gc,phases     ] GC(9)   Evacuate Collection Set: 24.4ms
[2022-02-13T13:52:22.015+0700][gc,phases     ] GC(9)   Post Evacuate Collection Set: 5.1ms
[2022-02-13T13:52:22.017+0700][gc,phases     ] GC(9)   Other: 20.6ms
[2022-02-13T13:52:22.018+0700][gc,heap       ] GC(9) Eden regions: 45->0(47)
[2022-02-13T13:52:22.018+0700][gc,heap       ] GC(9) Survivor regions: 6->4(7)
[2022-02-13T13:52:22.018+0700][gc,heap       ] GC(9) Old regions: 11->14
[2022-02-13T13:52:22.018+0700][gc,heap       ] GC(9) Humongous regions: 129->129
[2022-02-13T13:52:22.019+0700][gc,metaspace  ] GC(9) Metaspace: 44562K->44562K(1089536K)
[2022-02-13T13:52:22.033+0700][gc            ] GC(9) Pause Young (Normal) (G1 Evacuation Pause) 190M->146M(1024M) 71.045ms
[2022-02-13T13:52:22.041+0700][gc,cpu        ] GC(9) User=0.02s Sys=0.01s Real=0.09s
