[2022-02-13T14:04:13.892+0700][gc,heap] Heap region size: 1M
[2022-02-13T14:04:13.897+0700][gc     ] Using G1
[2022-02-13T14:04:13.897+0700][gc,heap,coops] Heap address: 0x00000000c0000000, size: 1024 MB, Compressed Oops mode: 32-bit
[2022-02-13T14:04:15.124+0700][gc,start     ] GC(0) Pause Young (Normal) (G1 Evacuation Pause)
[2022-02-13T14:04:15.124+0700][gc,task      ] GC(0) Using 1 workers of 1 for evacuation
[2022-02-13T14:04:15.141+0700][gc,phases    ] GC(0)   Pre Evacuate Collection Set: 0.0ms
[2022-02-13T14:04:15.141+0700][gc,phases    ] GC(0)   Evacuate Collection Set: 16.7ms
[2022-02-13T14:04:15.141+0700][gc,phases    ] GC(0)   Post Evacuate Collection Set: 0.4ms
[2022-02-13T14:04:15.141+0700][gc,phases    ] GC(0)   Other: 0.1ms
[2022-02-13T14:04:15.141+0700][gc,heap      ] GC(0) Eden regions: 51->0(44)
[2022-02-13T14:04:15.141+0700][gc,heap      ] GC(0) Survivor regions: 0->7(7)
[2022-02-13T14:04:15.141+0700][gc,heap      ] GC(0) Old regions: 0->0
[2022-02-13T14:04:15.141+0700][gc,heap      ] GC(0) Humongous regions: 0->0
[2022-02-13T14:04:15.141+0700][gc,metaspace ] GC(0) Metaspace: 15173K->15173K(1062912K)
[2022-02-13T14:04:15.141+0700][gc           ] GC(0) Pause Young (Normal) (G1 Evacuation Pause) 51M->6M(1024M) 17.364ms
[2022-02-13T14:04:15.141+0700][gc,cpu       ] GC(0) User=0.01s Sys=0.00s Real=0.01s
[2022-02-13T14:04:15.569+0700][gc,start     ] GC(1) Pause Young (Concurrent Start) (Metadata GC Threshold)
[2022-02-13T14:04:15.569+0700][gc,task      ] GC(1) Using 1 workers of 1 for evacuation
[2022-02-13T14:04:15.579+0700][gc,phases    ] GC(1)   Pre Evacuate Collection Set: 0.1ms
[2022-02-13T14:04:15.579+0700][gc,phases    ] GC(1)   Evacuate Collection Set: 9.8ms
[2022-02-13T14:04:15.579+0700][gc,phases    ] GC(1)   Post Evacuate Collection Set: 0.2ms
[2022-02-13T14:04:15.579+0700][gc,phases    ] GC(1)   Other: 0.2ms
[2022-02-13T14:04:15.579+0700][gc,heap      ] GC(1) Eden regions: 23->0(50)
[2022-02-13T14:04:15.579+0700][gc,heap      ] GC(1) Survivor regions: 7->1(7)
[2022-02-13T14:04:15.579+0700][gc,heap      ] GC(1) Old regions: 0->7
[2022-02-13T14:04:15.579+0700][gc,heap      ] GC(1) Humongous regions: 0->0
[2022-02-13T14:04:15.579+0700][gc,metaspace ] GC(1) Metaspace: 20693K->20693K(1067008K)
[2022-02-13T14:04:15.579+0700][gc           ] GC(1) Pause Young (Concurrent Start) (Metadata GC Threshold) 29M->7M(1024M) 10.222ms
[2022-02-13T14:04:15.579+0700][gc,cpu       ] GC(1) User=0.01s Sys=0.00s Real=0.01s
[2022-02-13T14:04:15.579+0700][gc           ] GC(2) Concurrent Cycle
[2022-02-13T14:04:15.579+0700][gc,marking   ] GC(2) Concurrent Clear Claimed Marks
[2022-02-13T14:04:15.579+0700][gc,marking   ] GC(2) Concurrent Clear Claimed Marks 0.020ms
[2022-02-13T14:04:15.579+0700][gc,marking   ] GC(2) Concurrent Scan Root Regions
[2022-02-13T14:04:15.580+0700][gc,marking   ] GC(2) Concurrent Scan Root Regions 0.965ms
[2022-02-13T14:04:15.580+0700][gc,marking   ] GC(2) Concurrent Mark (1.691s)
[2022-02-13T14:04:15.580+0700][gc,marking   ] GC(2) Concurrent Mark From Roots
[2022-02-13T14:04:15.580+0700][gc,task      ] GC(2) Using 1 workers of 1 for marking
[2022-02-13T14:04:15.586+0700][gc,marking   ] GC(2) Concurrent Mark From Roots 5.945ms
[2022-02-13T14:04:15.586+0700][gc,marking   ] GC(2) Concurrent Preclean
[2022-02-13T14:04:15.586+0700][gc,marking   ] GC(2) Concurrent Preclean 0.029ms
[2022-02-13T14:04:15.586+0700][gc,marking   ] GC(2) Concurrent Mark (1.691s, 1.697s) 5.999ms
[2022-02-13T14:04:15.586+0700][gc,start     ] GC(2) Pause Remark
[2022-02-13T14:04:15.589+0700][gc,stringtable] GC(2) Cleaned string and symbol table, strings: 8958 processed, 0 removed, symbols: 51172 processed, 60 removed
[2022-02-13T14:04:15.589+0700][gc            ] GC(2) Pause Remark 8M->8M(1024M) 2.936ms
[2022-02-13T14:04:15.589+0700][gc,cpu        ] GC(2) User=0.01s Sys=0.00s Real=0.00s
[2022-02-13T14:04:15.590+0700][gc,marking    ] GC(2) Concurrent Rebuild Remembered Sets
[2022-02-13T14:04:15.592+0700][gc,marking    ] GC(2) Concurrent Rebuild Remembered Sets 2.806ms
[2022-02-13T14:04:15.596+0700][gc,start      ] GC(2) Pause Cleanup
[2022-02-13T14:04:15.596+0700][gc            ] GC(2) Pause Cleanup 8M->8M(1024M) 0.142ms
[2022-02-13T14:04:15.596+0700][gc,cpu        ] GC(2) User=0.00s Sys=0.00s Real=0.00s
[2022-02-13T14:04:15.596+0700][gc,marking    ] GC(2) Concurrent Cleanup for Next Mark
[2022-02-13T14:04:15.605+0700][gc,marking    ] GC(2) Concurrent Cleanup for Next Mark 8.991ms
[2022-02-13T14:04:15.605+0700][gc            ] GC(2) Concurrent Cycle 26.356ms
[2022-02-13T14:04:16.495+0700][gc,start      ] GC(3) Pause Young (Normal) (G1 Evacuation Pause)
[2022-02-13T14:04:16.495+0700][gc,task       ] GC(3) Using 1 workers of 1 for evacuation
[2022-02-13T14:04:16.507+0700][gc,phases     ] GC(3)   Pre Evacuate Collection Set: 0.0ms
[2022-02-13T14:04:16.507+0700][gc,phases     ] GC(3)   Evacuate Collection Set: 11.7ms
[2022-02-13T14:04:16.507+0700][gc,phases     ] GC(3)   Post Evacuate Collection Set: 0.2ms
[2022-02-13T14:04:16.507+0700][gc,phases     ] GC(3)   Other: 0.1ms
[2022-02-13T14:04:16.507+0700][gc,heap       ] GC(3) Eden regions: 50->0(46)
[2022-02-13T14:04:16.507+0700][gc,heap       ] GC(3) Survivor regions: 1->5(7)
[2022-02-13T14:04:16.507+0700][gc,heap       ] GC(3) Old regions: 7->7
[2022-02-13T14:04:16.507+0700][gc,heap       ] GC(3) Humongous regions: 129->129
[2022-02-13T14:04:16.507+0700][gc,metaspace  ] GC(3) Metaspace: 29553K->29553K(1075200K)
[2022-02-13T14:04:16.507+0700][gc            ] GC(3) Pause Young (Normal) (G1 Evacuation Pause) 186M->140M(1024M) 12.130ms
[2022-02-13T14:04:16.507+0700][gc,cpu        ] GC(3) User=0.01s Sys=0.00s Real=0.01s
[2022-02-13T14:04:17.019+0700][gc,start      ] GC(4) Pause Young (Concurrent Start) (Metadata GC Threshold)
[2022-02-13T14:04:17.019+0700][gc,task       ] GC(4) Using 1 workers of 1 for evacuation
[2022-02-13T14:04:17.028+0700][gc,phases     ] GC(4)   Pre Evacuate Collection Set: 0.1ms
[2022-02-13T14:04:17.028+0700][gc,phases     ] GC(4)   Evacuate Collection Set: 8.8ms
[2022-02-13T14:04:17.028+0700][gc,phases     ] GC(4)   Post Evacuate Collection Set: 0.2ms
[2022-02-13T14:04:17.028+0700][gc,phases     ] GC(4)   Other: 0.2ms
[2022-02-13T14:04:17.028+0700][gc,heap       ] GC(4) Eden regions: 24->0(45)
[2022-02-13T14:04:17.028+0700][gc,heap       ] GC(4) Survivor regions: 5->6(7)
[2022-02-13T14:04:17.028+0700][gc,heap       ] GC(4) Old regions: 7->8
[2022-02-13T14:04:17.028+0700][gc,heap       ] GC(4) Humongous regions: 129->129
[2022-02-13T14:04:17.028+0700][gc,metaspace  ] GC(4) Metaspace: 34437K->34437K(1081344K)
[2022-02-13T14:04:17.028+0700][gc            ] GC(4) Pause Young (Concurrent Start) (Metadata GC Threshold) 163M->142M(1024M) 9.322ms
[2022-02-13T14:04:17.028+0700][gc,cpu        ] GC(4) User=0.01s Sys=0.00s Real=0.01s
[2022-02-13T14:04:17.028+0700][gc            ] GC(5) Concurrent Cycle
[2022-02-13T14:04:17.028+0700][gc,marking    ] GC(5) Concurrent Clear Claimed Marks
[2022-02-13T14:04:17.040+0700][gc,marking    ] GC(5) Concurrent Clear Claimed Marks 11.359ms
[2022-02-13T14:04:17.040+0700][gc,marking    ] GC(5) Concurrent Scan Root Regions
[2022-02-13T14:04:17.044+0700][gc,marking    ] GC(5) Concurrent Scan Root Regions 4.295ms
[2022-02-13T14:04:17.044+0700][gc,marking    ] GC(5) Concurrent Mark (3.155s)
[2022-02-13T14:04:17.044+0700][gc,marking    ] GC(5) Concurrent Mark From Roots
[2022-02-13T14:04:17.044+0700][gc,task       ] GC(5) Using 1 workers of 1 for marking
[2022-02-13T14:04:17.135+0700][gc,marking    ] GC(5) Concurrent Mark From Roots 91.116ms
[2022-02-13T14:04:17.135+0700][gc,marking    ] GC(5) Concurrent Preclean
[2022-02-13T14:04:17.135+0700][gc,marking    ] GC(5) Concurrent Preclean 0.057ms
[2022-02-13T14:04:17.135+0700][gc,marking    ] GC(5) Concurrent Mark (3.155s, 3.246s) 91.201ms
[2022-02-13T14:04:17.135+0700][gc,start      ] GC(5) Pause Remark
[2022-02-13T14:04:17.140+0700][gc,stringtable] GC(5) Cleaned string and symbol table, strings: 14555 processed, 10 removed, symbols: 84622 processed, 16 removed
[2022-02-13T14:04:17.141+0700][gc            ] GC(5) Pause Remark 148M->148M(1024M) 5.336ms
[2022-02-13T14:04:17.141+0700][gc,cpu        ] GC(5) User=0.01s Sys=0.00s Real=0.00s
[2022-02-13T14:04:17.141+0700][gc,marking    ] GC(5) Concurrent Rebuild Remembered Sets
[2022-02-13T14:04:17.176+0700][gc,marking    ] GC(5) Concurrent Rebuild Remembered Sets 35.550ms
[2022-02-13T14:04:17.179+0700][gc,start      ] GC(5) Pause Cleanup
[2022-02-13T14:04:17.179+0700][gc            ] GC(5) Pause Cleanup 149M->149M(1024M) 0.150ms
[2022-02-13T14:04:17.179+0700][gc,cpu        ] GC(5) User=0.00s Sys=0.00s Real=0.00s
[2022-02-13T14:04:17.179+0700][gc,marking    ] GC(5) Concurrent Cleanup for Next Mark
[2022-02-13T14:04:17.201+0700][gc,marking    ] GC(5) Concurrent Cleanup for Next Mark 21.349ms
[2022-02-13T14:04:17.201+0700][gc            ] GC(5) Concurrent Cycle 172.323ms
[2022-02-13T14:22:13.678+0700][gc,start      ] GC(6) Pause Young (Concurrent Start) (G1 Evacuation Pause)
[2022-02-13T14:22:13.678+0700][gc,task       ] GC(6) Using 1 workers of 1 for evacuation
[2022-02-13T14:22:13.697+0700][gc,phases     ] GC(6)   Pre Evacuate Collection Set: 0.2ms
[2022-02-13T14:22:13.697+0700][gc,phases     ] GC(6)   Evacuate Collection Set: 17.8ms
[2022-02-13T14:22:13.697+0700][gc,phases     ] GC(6)   Post Evacuate Collection Set: 0.3ms
[2022-02-13T14:22:13.697+0700][gc,phases     ] GC(6)   Other: 0.2ms
[2022-02-13T14:22:13.697+0700][gc,heap       ] GC(6) Eden regions: 45->0(47)
[2022-02-13T14:22:13.697+0700][gc,heap       ] GC(6) Survivor regions: 6->4(7)
[2022-02-13T14:22:13.697+0700][gc,heap       ] GC(6) Old regions: 8->12
[2022-02-13T14:22:13.697+0700][gc,heap       ] GC(6) Humongous regions: 129->129
[2022-02-13T14:22:13.697+0700][gc,metaspace  ] GC(6) Metaspace: 41088K->41088K(1085440K)
[2022-02-13T14:22:13.697+0700][gc            ] GC(6) Pause Young (Concurrent Start) (G1 Evacuation Pause) 187M->144M(1024M) 18.695ms
[2022-02-13T14:22:13.697+0700][gc,cpu        ] GC(6) User=0.01s Sys=0.00s Real=0.02s
[2022-02-13T14:22:13.697+0700][gc            ] GC(7) Concurrent Cycle
[2022-02-13T14:22:13.697+0700][gc,marking    ] GC(7) Concurrent Clear Claimed Marks
[2022-02-13T14:22:13.697+0700][gc,marking    ] GC(7) Concurrent Clear Claimed Marks 0.215ms
[2022-02-13T14:22:13.697+0700][gc,marking    ] GC(7) Concurrent Scan Root Regions
[2022-02-13T14:22:13.701+0700][gc,marking    ] GC(7) Concurrent Scan Root Regions 3.626ms
[2022-02-13T14:22:13.701+0700][gc,marking    ] GC(7) Concurrent Mark (1079.811s)
[2022-02-13T14:22:13.701+0700][gc,marking    ] GC(7) Concurrent Mark From Roots
[2022-02-13T14:22:13.701+0700][gc,task       ] GC(7) Using 1 workers of 1 for marking
[2022-02-13T14:22:13.775+0700][gc,marking    ] GC(7) Concurrent Mark From Roots 73.634ms
[2022-02-13T14:22:13.775+0700][gc,marking    ] GC(7) Concurrent Preclean
[2022-02-13T14:22:13.775+0700][gc,marking    ] GC(7) Concurrent Preclean 0.151ms
[2022-02-13T14:22:13.775+0700][gc,marking    ] GC(7) Concurrent Mark (1079.811s, 1079.885s) 73.827ms
[2022-02-13T14:22:13.775+0700][gc,start      ] GC(7) Pause Remark
[2022-02-13T14:22:13.797+0700][gc,stringtable] GC(7) Cleaned string and symbol table, strings: 15844 processed, 336 removed, symbols: 90681 processed, 5 removed
[2022-02-13T14:22:13.797+0700][gc,mmu        ] GC(7) MMU target violated: 21.0ms (20.0ms/21.0ms)
[2022-02-13T14:22:13.797+0700][gc            ] GC(7) Pause Remark 145M->145M(1024M) 22.425ms
[2022-02-13T14:22:13.797+0700][gc,cpu        ] GC(7) User=0.02s Sys=0.00s Real=0.02s
[2022-02-13T14:22:13.798+0700][gc,marking    ] GC(7) Concurrent Rebuild Remembered Sets
[2022-02-13T14:22:13.814+0700][gc,marking    ] GC(7) Concurrent Rebuild Remembered Sets 15.491ms
[2022-02-13T14:22:13.814+0700][gc,start      ] GC(7) Pause Cleanup
[2022-02-13T14:22:13.814+0700][gc            ] GC(7) Pause Cleanup 145M->145M(1024M) 0.102ms
[2022-02-13T14:22:13.814+0700][gc,cpu        ] GC(7) User=0.00s Sys=0.00s Real=0.00s
[2022-02-13T14:22:13.814+0700][gc,marking    ] GC(7) Concurrent Cleanup for Next Mark
[2022-02-13T14:22:13.837+0700][gc,marking    ] GC(7) Concurrent Cleanup for Next Mark 22.685ms
[2022-02-13T14:22:13.837+0700][gc            ] GC(7) Concurrent Cycle 139.458ms
[2022-02-13T14:30:37.317+0700][gc,start      ] GC(8) Pause Young (Normal) (G1 Evacuation Pause)
[2022-02-13T14:30:37.317+0700][gc,task       ] GC(8) Using 1 workers of 1 for evacuation
[2022-02-13T14:30:37.334+0700][gc,phases     ] GC(8)   Pre Evacuate Collection Set: 0.3ms
[2022-02-13T14:30:37.334+0700][gc,phases     ] GC(8)   Evacuate Collection Set: 15.9ms
[2022-02-13T14:30:37.334+0700][gc,phases     ] GC(8)   Post Evacuate Collection Set: 0.5ms
[2022-02-13T14:30:37.334+0700][gc,phases     ] GC(8)   Other: 0.7ms
[2022-02-13T14:30:37.334+0700][gc,heap       ] GC(8) Eden regions: 47->0(46)
[2022-02-13T14:30:37.334+0700][gc,heap       ] GC(8) Survivor regions: 4->5(7)
[2022-02-13T14:30:37.334+0700][gc,heap       ] GC(8) Old regions: 12->13
[2022-02-13T14:30:37.334+0700][gc,heap       ] GC(8) Humongous regions: 129->129
[2022-02-13T14:30:37.334+0700][gc,metaspace  ] GC(8) Metaspace: 44215K->44215K(1089536K)
[2022-02-13T14:30:37.334+0700][gc            ] GC(8) Pause Young (Normal) (G1 Evacuation Pause) 191M->146M(1024M) 17.480ms
[2022-02-13T14:30:37.334+0700][gc,cpu        ] GC(8) User=0.02s Sys=0.00s Real=0.02s
[2022-02-13T14:34:47.193+0700][gc,heap,exit  ] Heap
[2022-02-13T14:34:47.193+0700][gc,heap,exit  ]  garbage-first heap   total 1048576K, used 173925K [0x00000000c0000000, 0x0000000100000000)
[2022-02-13T14:34:47.193+0700][gc,heap,exit  ]   region size 1024K, 30 young (30720K), 5 survivors (5120K)
[2022-02-13T14:34:47.193+0700][gc,heap,exit  ]  Metaspace       used 45165K, capacity 48022K, committed 48280K, reserved 1089536K
[2022-02-13T14:34:47.193+0700][gc,heap,exit  ]   class space    used 6315K, capacity 7719K, committed 7832K, reserved 1048576K
