[2022-02-13T14:43:42.423+0700][gc,heap] Heap region size: 1M
[2022-02-13T14:43:42.433+0700][gc     ] Using G1
[2022-02-13T14:43:42.433+0700][gc,heap,coops] Heap address: 0x00000000c0000000, size: 1024 MB, Compressed Oops mode: 32-bit
[2022-02-13T14:43:43.797+0700][gc,start     ] GC(0) Pause Young (Normal) (G1 Evacuation Pause)
[2022-02-13T14:43:43.797+0700][gc,task      ] GC(0) Using 1 workers of 1 for evacuation
[2022-02-13T14:43:43.826+0700][gc,mmu       ] GC(0) MMU target violated: 21.0ms (20.0ms/21.0ms)
[2022-02-13T14:43:43.826+0700][gc,phases    ] GC(0)   Pre Evacuate Collection Set: 0.0ms
[2022-02-13T14:43:43.826+0700][gc,phases    ] GC(0)   Evacuate Collection Set: 28.5ms
[2022-02-13T14:43:43.826+0700][gc,phases    ] GC(0)   Post Evacuate Collection Set: 0.2ms
[2022-02-13T14:43:43.826+0700][gc,phases    ] GC(0)   Other: 0.1ms
[2022-02-13T14:43:43.826+0700][gc,heap      ] GC(0) Eden regions: 51->0(44)
[2022-02-13T14:43:43.826+0700][gc,heap      ] GC(0) Survivor regions: 0->7(7)
[2022-02-13T14:43:43.826+0700][gc,heap      ] GC(0) Old regions: 0->0
[2022-02-13T14:43:43.826+0700][gc,heap      ] GC(0) Humongous regions: 0->0
[2022-02-13T14:43:43.826+0700][gc,metaspace ] GC(0) Metaspace: 15384K->15384K(1062912K)
[2022-02-13T14:43:43.826+0700][gc           ] GC(0) Pause Young (Normal) (G1 Evacuation Pause) 51M->6M(1024M) 28.938ms
[2022-02-13T14:43:43.826+0700][gc,cpu       ] GC(0) User=0.01s Sys=0.01s Real=0.03s
[2022-02-13T14:43:44.255+0700][gc,start     ] GC(1) Pause Young (Concurrent Start) (Metadata GC Threshold)
[2022-02-13T14:43:44.255+0700][gc,task      ] GC(1) Using 1 workers of 1 for evacuation
[2022-02-13T14:43:44.290+0700][gc,mmu       ] GC(1) MMU target violated: 21.0ms (20.0ms/21.0ms)
[2022-02-13T14:43:44.290+0700][gc,phases    ] GC(1)   Pre Evacuate Collection Set: 0.1ms
[2022-02-13T14:43:44.290+0700][gc,phases    ] GC(1)   Evacuate Collection Set: 34.4ms
[2022-02-13T14:43:44.290+0700][gc,phases    ] GC(1)   Post Evacuate Collection Set: 0.2ms
[2022-02-13T14:43:44.290+0700][gc,phases    ] GC(1)   Other: 0.2ms
[2022-02-13T14:43:44.290+0700][gc,heap      ] GC(1) Eden regions: 22->0(50)
[2022-02-13T14:43:44.290+0700][gc,heap      ] GC(1) Survivor regions: 7->1(7)
[2022-02-13T14:43:44.290+0700][gc,heap      ] GC(1) Old regions: 0->7
[2022-02-13T14:43:44.290+0700][gc,heap      ] GC(1) Humongous regions: 0->0
[2022-02-13T14:43:44.290+0700][gc,metaspace ] GC(1) Metaspace: 20593K->20593K(1067008K)
[2022-02-13T14:43:44.290+0700][gc           ] GC(1) Pause Young (Concurrent Start) (Metadata GC Threshold) 28M->7M(1024M) 34.855ms
[2022-02-13T14:43:44.290+0700][gc,cpu       ] GC(1) User=0.02s Sys=0.01s Real=0.04s
[2022-02-13T14:43:44.290+0700][gc           ] GC(2) Concurrent Cycle
[2022-02-13T14:43:44.290+0700][gc,marking   ] GC(2) Concurrent Clear Claimed Marks
[2022-02-13T14:43:44.290+0700][gc,marking   ] GC(2) Concurrent Clear Claimed Marks 0.028ms
[2022-02-13T14:43:44.290+0700][gc,marking   ] GC(2) Concurrent Scan Root Regions
[2022-02-13T14:43:44.291+0700][gc,marking   ] GC(2) Concurrent Scan Root Regions 0.491ms
[2022-02-13T14:43:44.291+0700][gc,marking   ] GC(2) Concurrent Mark (1.870s)
[2022-02-13T14:43:44.291+0700][gc,marking   ] GC(2) Concurrent Mark From Roots
[2022-02-13T14:43:44.291+0700][gc,task      ] GC(2) Using 1 workers of 1 for marking
[2022-02-13T14:43:44.306+0700][gc,marking   ] GC(2) Concurrent Mark From Roots 14.934ms
[2022-02-13T14:43:44.306+0700][gc,marking   ] GC(2) Concurrent Preclean
[2022-02-13T14:43:44.306+0700][gc,marking   ] GC(2) Concurrent Preclean 0.037ms
[2022-02-13T14:43:44.306+0700][gc,marking   ] GC(2) Concurrent Mark (1.870s, 1.885s) 15.001ms
[2022-02-13T14:43:44.306+0700][gc,start     ] GC(2) Pause Remark
[2022-02-13T14:43:44.309+0700][gc,stringtable] GC(2) Cleaned string and symbol table, strings: 8966 processed, 0 removed, symbols: 51020 processed, 58 removed
[2022-02-13T14:43:44.311+0700][gc            ] GC(2) Pause Remark 8M->8M(1024M) 4.847ms
[2022-02-13T14:43:44.311+0700][gc,cpu        ] GC(2) User=0.00s Sys=0.00s Real=0.00s
[2022-02-13T14:43:44.311+0700][gc,marking    ] GC(2) Concurrent Rebuild Remembered Sets
[2022-02-13T14:43:44.319+0700][gc,marking    ] GC(2) Concurrent Rebuild Remembered Sets 7.935ms
[2022-02-13T14:43:44.322+0700][gc,start      ] GC(2) Pause Cleanup
[2022-02-13T14:43:44.323+0700][gc            ] GC(2) Pause Cleanup 8M->8M(1024M) 0.149ms
[2022-02-13T14:43:44.323+0700][gc,cpu        ] GC(2) User=0.00s Sys=0.00s Real=0.00s
[2022-02-13T14:43:44.323+0700][gc,marking    ] GC(2) Concurrent Cleanup for Next Mark
[2022-02-13T14:43:44.403+0700][gc,marking    ] GC(2) Concurrent Cleanup for Next Mark 80.582ms
[2022-02-13T14:43:44.403+0700][gc            ] GC(2) Concurrent Cycle 112.836ms
[2022-02-13T14:43:45.205+0700][gc,start      ] GC(3) Pause Young (Normal) (G1 Evacuation Pause)
[2022-02-13T14:43:45.205+0700][gc,task       ] GC(3) Using 1 workers of 1 for evacuation
[2022-02-13T14:43:45.218+0700][gc,phases     ] GC(3)   Pre Evacuate Collection Set: 0.0ms
[2022-02-13T14:43:45.218+0700][gc,phases     ] GC(3)   Evacuate Collection Set: 12.7ms
[2022-02-13T14:43:45.218+0700][gc,phases     ] GC(3)   Post Evacuate Collection Set: 0.2ms
[2022-02-13T14:43:45.218+0700][gc,phases     ] GC(3)   Other: 0.1ms
[2022-02-13T14:43:45.218+0700][gc,heap       ] GC(3) Eden regions: 50->0(47)
[2022-02-13T14:43:45.218+0700][gc,heap       ] GC(3) Survivor regions: 1->4(7)
[2022-02-13T14:43:45.218+0700][gc,heap       ] GC(3) Old regions: 7->7
[2022-02-13T14:43:45.218+0700][gc,heap       ] GC(3) Humongous regions: 129->129
[2022-02-13T14:43:45.218+0700][gc,metaspace  ] GC(3) Metaspace: 29529K->29529K(1075200K)
[2022-02-13T14:43:45.218+0700][gc            ] GC(3) Pause Young (Normal) (G1 Evacuation Pause) 186M->139M(1024M) 13.061ms
[2022-02-13T14:43:45.218+0700][gc,cpu        ] GC(3) User=0.00s Sys=0.00s Real=0.01s
[2022-02-13T14:43:45.687+0700][gc,start      ] GC(4) Pause Young (Concurrent Start) (Metadata GC Threshold)
[2022-02-13T14:43:45.687+0700][gc,task       ] GC(4) Using 1 workers of 1 for evacuation
[2022-02-13T14:43:45.696+0700][gc,phases     ] GC(4)   Pre Evacuate Collection Set: 0.1ms
[2022-02-13T14:43:45.696+0700][gc,phases     ] GC(4)   Evacuate Collection Set: 8.8ms
[2022-02-13T14:43:45.696+0700][gc,phases     ] GC(4)   Post Evacuate Collection Set: 0.2ms
[2022-02-13T14:43:45.696+0700][gc,phases     ] GC(4)   Other: 0.2ms
[2022-02-13T14:43:45.696+0700][gc,heap       ] GC(4) Eden regions: 24->0(45)
[2022-02-13T14:43:45.696+0700][gc,heap       ] GC(4) Survivor regions: 4->6(7)
[2022-02-13T14:43:45.696+0700][gc,heap       ] GC(4) Old regions: 7->8
[2022-02-13T14:43:45.696+0700][gc,heap       ] GC(4) Humongous regions: 129->129
[2022-02-13T14:43:45.696+0700][gc,metaspace  ] GC(4) Metaspace: 34444K->34444K(1081344K)
[2022-02-13T14:43:45.696+0700][gc            ] GC(4) Pause Young (Concurrent Start) (Metadata GC Threshold) 163M->142M(1024M) 9.276ms
[2022-02-13T14:43:45.696+0700][gc,cpu        ] GC(4) User=0.01s Sys=0.00s Real=0.01s
[2022-02-13T14:43:45.696+0700][gc            ] GC(5) Concurrent Cycle
[2022-02-13T14:43:45.696+0700][gc,marking    ] GC(5) Concurrent Clear Claimed Marks
[2022-02-13T14:43:45.696+0700][gc,marking    ] GC(5) Concurrent Clear Claimed Marks 0.056ms
[2022-02-13T14:43:45.696+0700][gc,marking    ] GC(5) Concurrent Scan Root Regions
[2022-02-13T14:43:45.699+0700][gc,marking    ] GC(5) Concurrent Scan Root Regions 2.111ms
[2022-02-13T14:43:45.699+0700][gc,marking    ] GC(5) Concurrent Mark (3.277s)
[2022-02-13T14:43:45.699+0700][gc,marking    ] GC(5) Concurrent Mark From Roots
[2022-02-13T14:43:45.699+0700][gc,task       ] GC(5) Using 1 workers of 1 for marking
[2022-02-13T14:43:45.741+0700][gc,marking    ] GC(5) Concurrent Mark From Roots 42.683ms
[2022-02-13T14:43:45.741+0700][gc,marking    ] GC(5) Concurrent Preclean
[2022-02-13T14:43:45.741+0700][gc,marking    ] GC(5) Concurrent Preclean 0.047ms
[2022-02-13T14:43:45.741+0700][gc,marking    ] GC(5) Concurrent Mark (3.277s, 3.320s) 42.755ms
[2022-02-13T14:43:45.742+0700][gc,start      ] GC(5) Pause Remark
[2022-02-13T14:43:45.746+0700][gc,stringtable] GC(5) Cleaned string and symbol table, strings: 14629 processed, 12 removed, symbols: 84131 processed, 17 removed
[2022-02-13T14:43:45.752+0700][gc            ] GC(5) Pause Remark 145M->145M(1024M) 10.317ms
[2022-02-13T14:43:45.752+0700][gc,cpu        ] GC(5) User=0.01s Sys=0.00s Real=0.01s
[2022-02-13T14:43:45.753+0700][gc,marking    ] GC(5) Concurrent Rebuild Remembered Sets
[2022-02-13T14:43:45.756+0700][gc,marking    ] GC(5) Concurrent Rebuild Remembered Sets 3.270ms
[2022-02-13T14:43:45.760+0700][gc,start      ] GC(5) Pause Cleanup
[2022-02-13T14:43:45.760+0700][gc            ] GC(5) Pause Cleanup 145M->145M(1024M) 0.114ms
[2022-02-13T14:43:45.760+0700][gc,cpu        ] GC(5) User=0.00s Sys=0.00s Real=0.00s
[2022-02-13T14:43:45.760+0700][gc,marking    ] GC(5) Concurrent Cleanup for Next Mark
[2022-02-13T14:43:45.799+0700][gc,marking    ] GC(5) Concurrent Cleanup for Next Mark 39.413ms
[2022-02-13T14:43:45.799+0700][gc            ] GC(5) Concurrent Cycle 102.832ms
[2022-02-13T15:02:41.940+0700][gc,start      ] GC(6) Pause Young (Concurrent Start) (G1 Evacuation Pause)
[2022-02-13T15:02:41.940+0700][gc,task       ] GC(6) Using 1 workers of 1 for evacuation
[2022-02-13T15:02:41.961+0700][gc,mmu        ] GC(6) MMU target violated: 20.9ms (20.0ms/21.0ms)
[2022-02-13T15:02:41.961+0700][gc,phases     ] GC(6)   Pre Evacuate Collection Set: 0.2ms
[2022-02-13T15:02:41.961+0700][gc,phases     ] GC(6)   Evacuate Collection Set: 20.3ms
[2022-02-13T15:02:41.961+0700][gc,phases     ] GC(6)   Post Evacuate Collection Set: 0.3ms
[2022-02-13T15:02:41.961+0700][gc,phases     ] GC(6)   Other: 0.2ms
[2022-02-13T15:02:41.961+0700][gc,heap       ] GC(6) Eden regions: 45->0(47)
[2022-02-13T15:02:41.961+0700][gc,heap       ] GC(6) Survivor regions: 6->4(7)
[2022-02-13T15:02:41.961+0700][gc,heap       ] GC(6) Old regions: 8->11
[2022-02-13T15:02:41.961+0700][gc,heap       ] GC(6) Humongous regions: 129->129
[2022-02-13T15:02:41.961+0700][gc,metaspace  ] GC(6) Metaspace: 41008K->41008K(1085440K)
[2022-02-13T15:02:41.961+0700][gc            ] GC(6) Pause Young (Concurrent Start) (G1 Evacuation Pause) 187M->143M(1024M) 21.037ms
[2022-02-13T15:02:41.961+0700][gc,cpu        ] GC(6) User=0.01s Sys=0.00s Real=0.02s
[2022-02-13T15:02:41.961+0700][gc            ] GC(7) Concurrent Cycle
[2022-02-13T15:02:41.961+0700][gc,marking    ] GC(7) Concurrent Clear Claimed Marks
[2022-02-13T15:02:41.961+0700][gc,marking    ] GC(7) Concurrent Clear Claimed Marks 0.175ms
[2022-02-13T15:02:41.961+0700][gc,marking    ] GC(7) Concurrent Scan Root Regions
[2022-02-13T15:02:41.967+0700][gc,marking    ] GC(7) Concurrent Scan Root Regions 5.894ms
[2022-02-13T15:02:41.967+0700][gc,marking    ] GC(7) Concurrent Mark (1139.546s)
[2022-02-13T15:02:41.967+0700][gc,marking    ] GC(7) Concurrent Mark From Roots
[2022-02-13T15:02:41.967+0700][gc,task       ] GC(7) Using 1 workers of 1 for marking
[2022-02-13T15:02:42.025+0700][gc,marking    ] GC(7) Concurrent Mark From Roots 58.098ms
[2022-02-13T15:02:42.025+0700][gc,marking    ] GC(7) Concurrent Preclean
[2022-02-13T15:02:42.026+0700][gc,marking    ] GC(7) Concurrent Preclean 0.260ms
[2022-02-13T15:02:42.026+0700][gc,marking    ] GC(7) Concurrent Mark (1139.546s, 1139.604s) 58.393ms
[2022-02-13T15:02:42.026+0700][gc,start      ] GC(7) Pause Remark
[2022-02-13T15:02:42.042+0700][gc,stringtable] GC(7) Cleaned string and symbol table, strings: 15861 processed, 333 removed, symbols: 90665 processed, 5 removed
[2022-02-13T15:02:42.043+0700][gc            ] GC(7) Pause Remark 145M->145M(1024M) 16.707ms
[2022-02-13T15:02:42.043+0700][gc,cpu        ] GC(7) User=0.01s Sys=0.00s Real=0.01s
[2022-02-13T15:02:42.043+0700][gc,marking    ] GC(7) Concurrent Rebuild Remembered Sets
[2022-02-13T15:02:42.057+0700][gc,marking    ] GC(7) Concurrent Rebuild Remembered Sets 13.764ms
[2022-02-13T15:02:42.057+0700][gc,start      ] GC(7) Pause Cleanup
[2022-02-13T15:02:42.057+0700][gc            ] GC(7) Pause Cleanup 145M->145M(1024M) 0.199ms
[2022-02-13T15:02:42.057+0700][gc,cpu        ] GC(7) User=0.00s Sys=0.00s Real=0.00s
[2022-02-13T15:02:42.057+0700][gc,marking    ] GC(7) Concurrent Cleanup for Next Mark
[2022-02-13T15:02:42.069+0700][gc,marking    ] GC(7) Concurrent Cleanup for Next Mark 11.783ms
[2022-02-13T15:02:42.069+0700][gc            ] GC(7) Concurrent Cycle 107.696ms
[2022-02-13T15:08:44.072+0700][gc,start      ] GC(8) Pause Young (Normal) (G1 Evacuation Pause)
[2022-02-13T15:08:44.072+0700][gc,task       ] GC(8) Using 1 workers of 1 for evacuation
[2022-02-13T15:08:44.096+0700][gc,mmu        ] GC(8) MMU target violated: 21.0ms (20.0ms/21.0ms)
[2022-02-13T15:08:44.096+0700][gc,phases     ] GC(8)   Pre Evacuate Collection Set: 0.2ms
[2022-02-13T15:08:44.096+0700][gc,phases     ] GC(8)   Evacuate Collection Set: 23.4ms
[2022-02-13T15:08:44.096+0700][gc,phases     ] GC(8)   Post Evacuate Collection Set: 0.4ms
[2022-02-13T15:08:44.096+0700][gc,phases     ] GC(8)   Other: 0.2ms
[2022-02-13T15:08:44.096+0700][gc,heap       ] GC(8) Eden regions: 47->0(45)
[2022-02-13T15:08:44.096+0700][gc,heap       ] GC(8) Survivor regions: 4->6(7)
[2022-02-13T15:08:44.096+0700][gc,heap       ] GC(8) Old regions: 11->13
[2022-02-13T15:08:44.096+0700][gc,heap       ] GC(8) Humongous regions: 129->129
[2022-02-13T15:08:44.096+0700][gc,metaspace  ] GC(8) Metaspace: 44893K->44893K(1089536K)
[2022-02-13T15:08:44.096+0700][gc            ] GC(8) Pause Young (Normal) (G1 Evacuation Pause) 190M->147M(1024M) 24.279ms
[2022-02-13T15:08:44.096+0700][gc,cpu        ] GC(8) User=0.02s Sys=0.00s Real=0.02s
[2022-02-13T15:08:46.833+0700][gc,heap,exit  ] Heap
[2022-02-13T15:08:46.833+0700][gc,heap,exit  ]  garbage-first heap   total 1048576K, used 156014K [0x00000000c0000000, 0x0000000100000000)
[2022-02-13T15:08:46.833+0700][gc,heap,exit  ]   region size 1024K, 12 young (12288K), 6 survivors (6144K)
[2022-02-13T15:08:46.833+0700][gc,heap,exit  ]  Metaspace       used 45106K, capacity 47963K, committed 48204K, reserved 1089536K
[2022-02-13T15:08:46.833+0700][gc,heap,exit  ]   class space    used 6318K, capacity 7729K, committed 7756K, reserved 1048576K
