[2022-02-13T14:40:49.219+0700][gc,heap] Heap region size: 1M
[2022-02-13T14:40:49.222+0700][gc     ] Using G1
[2022-02-13T14:40:49.222+0700][gc,heap,coops] Heap address: 0x00000000e0000000, size: 512 MB, Compressed Oops mode: 32-bit
[2022-02-13T14:40:50.245+0700][gc,start     ] GC(0) Pause Young (Normal) (G1 Evacuation Pause)
[2022-02-13T14:40:50.246+0700][gc,task      ] GC(0) Using 1 workers of 1 for evacuation
[2022-02-13T14:40:50.265+0700][gc,phases    ] GC(0)   Pre Evacuate Collection Set: 0.0ms
[2022-02-13T14:40:50.265+0700][gc,phases    ] GC(0)   Evacuate Collection Set: 18.7ms
[2022-02-13T14:40:50.265+0700][gc,phases    ] GC(0)   Post Evacuate Collection Set: 0.3ms
[2022-02-13T14:40:50.265+0700][gc,phases    ] GC(0)   Other: 0.1ms
[2022-02-13T14:40:50.265+0700][gc,heap      ] GC(0) Eden regions: 25->0(21)
[2022-02-13T14:40:50.265+0700][gc,heap      ] GC(0) Survivor regions: 0->4(4)
[2022-02-13T14:40:50.265+0700][gc,heap      ] GC(0) Old regions: 0->4
[2022-02-13T14:40:50.265+0700][gc,heap      ] GC(0) Humongous regions: 0->0
[2022-02-13T14:40:50.265+0700][gc,metaspace ] GC(0) Metaspace: 7692K->7692K(1056768K)
[2022-02-13T14:40:50.265+0700][gc           ] GC(0) Pause Young (Normal) (G1 Evacuation Pause) 25M->7M(512M) 19.228ms
[2022-02-13T14:40:50.265+0700][gc,cpu       ] GC(0) User=0.00s Sys=0.02s Real=0.02s
[2022-02-13T15:08:50.958+0700][gc,heap,exit ] Heap
[2022-02-13T15:08:50.960+0700][gc,heap,exit ]  garbage-first heap   total 524288K, used 19936K [0x00000000e0000000, 0x0000000100000000)
[2022-02-13T15:08:50.960+0700][gc,heap,exit ]   region size 1024K, 17 young (17408K), 4 survivors (4096K)
[2022-02-13T15:08:50.960+0700][gc,heap,exit ]  Metaspace       used 9240K, capacity 9594K, committed 9856K, reserved 1058816K
[2022-02-13T15:08:50.960+0700][gc,heap,exit ]   class space    used 981K, capacity 1123K, committed 1152K, reserved 1048576K
