[2022-02-13T12:59:15.295+0700][gc,heap] Heap region size: 1M
[2022-02-13T12:59:15.299+0700][gc     ] Using G1
[2022-02-13T12:59:15.299+0700][gc,heap,coops] Heap address: 0x00000000e0000000, size: 512 MB, Compressed Oops mode: 32-bit
[2022-02-13T12:59:16.235+0700][gc,start     ] GC(0) Pause Young (Normal) (G1 Evacuation Pause)
[2022-02-13T12:59:16.235+0700][gc,task      ] GC(0) Using 1 workers of 1 for evacuation
[2022-02-13T12:59:16.265+0700][gc,mmu       ] GC(0) MMU target violated: 21.0ms (20.0ms/21.0ms)
[2022-02-13T12:59:16.267+0700][gc,phases    ] GC(0)   Pre Evacuate Collection Set: 0.0ms
[2022-02-13T12:59:16.267+0700][gc,phases    ] GC(0)   Evacuate Collection Set: 24.7ms
[2022-02-13T12:59:16.267+0700][gc,phases    ] GC(0)   Post Evacuate Collection Set: 4.9ms
[2022-02-13T12:59:16.267+0700][gc,phases    ] GC(0)   Other: 3.1ms
[2022-02-13T12:59:16.267+0700][gc,heap      ] GC(0) Eden regions: 25->0(21)
[2022-02-13T12:59:16.267+0700][gc,heap      ] GC(0) Survivor regions: 0->4(4)
[2022-02-13T12:59:16.267+0700][gc,heap      ] GC(0) Old regions: 0->4
[2022-02-13T12:59:16.267+0700][gc,heap      ] GC(0) Humongous regions: 0->0
[2022-02-13T12:59:16.267+0700][gc,metaspace ] GC(0) Metaspace: 7789K->7789K(1056768K)
[2022-02-13T12:59:16.268+0700][gc           ] GC(0) Pause Young (Normal) (G1 Evacuation Pause) 25M->7M(512M) 32.810ms
[2022-02-13T12:59:16.268+0700][gc,cpu       ] GC(0) User=0.02s Sys=0.00s Real=0.03s
